// Jest Snapshot v1, https://goo.gl/fbAQLP

exports[`<ProjectBoxItemOut /> Should exist 1`] = `<div />`;
