// Jest Snapshot v1, https://goo.gl/fbAQLP

exports[`submit Saga should mutation must be ok 1`] = `
Object {
  "@@redux-saga/IO": true,
  "CALL": Object {
    "args": Array [
      Object {
        "mutation": Object {
          "definitions": Array [
            Object {
              "directives": Array [],
              "kind": "OperationDefinition",
              "name": Object {
                "kind": "Name",
                "value": "UserLogin",
              },
              "operation": "mutation",
              "selectionSet": Object {
                "kind": "SelectionSet",
                "selections": Array [
                  Object {
                    "alias": undefined,
                    "arguments": Array [
                      Object {
                        "kind": "Argument",
                        "name": Object {
                          "kind": "Name",
                          "value": "ident",
                        },
                        "value": Object {
                          "kind": "Variable",
                          "name": Object {
                            "kind": "Name",
                            "value": "ident",
                          },
                        },
                      },
                      Object {
                        "kind": "Argument",
                        "name": Object {
                          "kind": "Name",
                          "value": "password",
                        },
                        "value": Object {
                          "kind": "Variable",
                          "name": Object {
                            "kind": "Name",
                            "value": "password",
                          },
                        },
                      },
                    ],
                    "directives": Array [],
                    "kind": "Field",
                    "name": Object {
                      "kind": "Name",
                      "value": "userLogin",
                    },
                    "selectionSet": Object {
                      "kind": "SelectionSet",
                      "selections": Array [
                        Object {
                          "alias": undefined,
                          "arguments": Array [],
                          "directives": Array [],
                          "kind": "Field",
                          "name": Object {
                            "kind": "Name",
                            "value": "token",
                          },
                          "selectionSet": undefined,
                        },
                        Object {
                          "alias": undefined,
                          "arguments": Array [],
                          "directives": Array [],
                          "kind": "Field",
                          "name": Object {
                            "kind": "Name",
                            "value": "user",
                          },
                          "selectionSet": Object {
                            "kind": "SelectionSet",
                            "selections": Array [
                              Object {
                                "alias": undefined,
                                "arguments": Array [],
                                "directives": Array [],
                                "kind": "Field",
                                "name": Object {
                                  "kind": "Name",
                                  "value": "id",
                                },
                                "selectionSet": undefined,
                              },
                              Object {
                                "alias": undefined,
                                "arguments": Array [],
                                "directives": Array [],
                                "kind": "Field",
                                "name": Object {
                                  "kind": "Name",
                                  "value": "login",
                                },
                                "selectionSet": undefined,
                              },
                              Object {
                                "alias": undefined,
                                "arguments": Array [],
                                "directives": Array [],
                                "kind": "Field",
                                "name": Object {
                                  "kind": "Name",
                                  "value": "email",
                                },
                                "selectionSet": undefined,
                              },
                              Object {
                                "alias": undefined,
                                "arguments": Array [],
                                "directives": Array [],
                                "kind": "Field",
                                "name": Object {
                                  "kind": "Name",
                                  "value": "role",
                                },
                                "selectionSet": Object {
                                  "kind": "SelectionSet",
                                  "selections": Array [
                                    Object {
                                      "alias": undefined,
                                      "arguments": Array [],
                                      "directives": Array [],
                                      "kind": "Field",
                                      "name": Object {
                                        "kind": "Name",
                                        "value": "id",
                                      },
                                      "selectionSet": undefined,
                                    },
                                    Object {
                                      "alias": undefined,
                                      "arguments": Array [],
                                      "directives": Array [],
                                      "kind": "Field",
                                      "name": Object {
                                        "kind": "Name",
                                        "value": "name",
                                      },
                                      "selectionSet": undefined,
                                    },
                                    Object {
                                      "alias": undefined,
                                      "arguments": Array [],
                                      "directives": Array [],
                                      "kind": "Field",
                                      "name": Object {
                                        "kind": "Name",
                                        "value": "title",
                                      },
                                      "selectionSet": undefined,
                                    },
                                  ],
                                },
                              },
                            ],
                          },
                        },
                      ],
                    },
                  },
                ],
              },
              "variableDefinitions": Array [
                Object {
                  "defaultValue": undefined,
                  "kind": "VariableDefinition",
                  "type": Object {
                    "kind": "NonNullType",
                    "type": Object {
                      "kind": "NamedType",
                      "name": Object {
                        "kind": "Name",
                        "value": "String",
                      },
                    },
                  },
                  "variable": Object {
                    "kind": "Variable",
                    "name": Object {
                      "kind": "Name",
                      "value": "ident",
                    },
                  },
                },
                Object {
                  "defaultValue": undefined,
                  "kind": "VariableDefinition",
                  "type": Object {
                    "kind": "NonNullType",
                    "type": Object {
                      "kind": "NamedType",
                      "name": Object {
                        "kind": "Name",
                        "value": "String",
                      },
                    },
                  },
                  "variable": Object {
                    "kind": "Variable",
                    "name": Object {
                      "kind": "Name",
                      "value": "password",
                    },
                  },
                },
              ],
            },
          ],
          "kind": "Document",
          "loc": Object {
            "end": 264,
            "start": 0,
          },
        },
        "variables": Object {
          "ident": "test",
          "password": "test",
        },
      },
    ],
    "context": null,
    "fn": [Function],
  },
}
`;

exports[`submit Saga should submit change state to loading 1`] = `
Object {
  "@@redux-saga/IO": true,
  "SELECT": Object {
    "args": Array [],
    "selector": [Function],
  },
}
`;
